// Jest Snapshot v1, https://goo.gl/fbAQLP

exports[`With Snapshot Testing App shows "Hello world!" 1`] = `
<div
  className="jsx-152973761"
>
  <p
    className="jsx-152973761"
  >
    Hello World!
  </p>
</div>
`;
